Created by PLY version 3.11 (http://www.dabeaz.com/ply)

Grammar

Rule 0     S' -> expression
Rule 1     expression -> NUMBER
Rule 2     expression -> LPAREN expression RPAREN
Rule 3     expression -> expression PLUS expression
Rule 4     expression -> expression MINUS expression
Rule 5     expression -> expression DIVIDE expression
Rule 6     expression -> expression MULTIPLY expression
Rule 7     expression -> expression POWER expression
Rule 8     expression -> SQUAREROOT LPAREN expression RPAREN
Rule 9     expression -> SINE LPAREN expression RPAREN
Rule 10    expression -> COSINE LPAREN expression RPAREN
Rule 11    expression -> TANGENT LPAREN expression RPAREN
Rule 12    expression -> PI
Rule 13    expression -> PRINT LPAREN expression RPAREN
Rule 14    expression -> STRING
Rule 15    expression -> PRINT LPAREN STRING RPAREN

Terminals, with rules where they appear

COSINE               : 10
DIVIDE               : 5
LPAREN               : 2 8 9 10 11 13 15
MINUS                : 4
MULTIPLY             : 6
NUMBER               : 1
PI                   : 12
PLUS                 : 3
POWER                : 7
PRINT                : 13 15
RPAREN               : 2 8 9 10 11 13 15
SINE                 : 9
SQUAREROOT           : 8
STRING               : 14 15
TANGENT              : 11
error                : 

Nonterminals, with rules where they appear

expression           : 2 3 3 4 4 5 5 6 6 7 7 8 9 10 11 13 0

Parsing method: LALR

state 0

    (0) S' -> . expression
    (1) expression -> . NUMBER
    (2) expression -> . LPAREN expression RPAREN
    (3) expression -> . expression PLUS expression
    (4) expression -> . expression MINUS expression
    (5) expression -> . expression DIVIDE expression
    (6) expression -> . expression MULTIPLY expression
    (7) expression -> . expression POWER expression
    (8) expression -> . SQUAREROOT LPAREN expression RPAREN
    (9) expression -> . SINE LPAREN expression RPAREN
    (10) expression -> . COSINE LPAREN expression RPAREN
    (11) expression -> . TANGENT LPAREN expression RPAREN
    (12) expression -> . PI
    (13) expression -> . PRINT LPAREN expression RPAREN
    (14) expression -> . STRING
    (15) expression -> . PRINT LPAREN STRING RPAREN

    NUMBER          shift and go to state 2
    LPAREN          shift and go to state 3
    SQUAREROOT      shift and go to state 4
    SINE            shift and go to state 5
    COSINE          shift and go to state 6
    TANGENT         shift and go to state 7
    PI              shift and go to state 8
    PRINT           shift and go to state 9
    STRING          shift and go to state 10

    expression                     shift and go to state 1

state 1

    (0) S' -> expression .
    (3) expression -> expression . PLUS expression
    (4) expression -> expression . MINUS expression
    (5) expression -> expression . DIVIDE expression
    (6) expression -> expression . MULTIPLY expression
    (7) expression -> expression . POWER expression

    PLUS            shift and go to state 11
    MINUS           shift and go to state 12
    DIVIDE          shift and go to state 13
    MULTIPLY        shift and go to state 14
    POWER           shift and go to state 15


state 2

    (1) expression -> NUMBER .

    PLUS            reduce using rule 1 (expression -> NUMBER .)
    MINUS           reduce using rule 1 (expression -> NUMBER .)
    DIVIDE          reduce using rule 1 (expression -> NUMBER .)
    MULTIPLY        reduce using rule 1 (expression -> NUMBER .)
    POWER           reduce using rule 1 (expression -> NUMBER .)
    $end            reduce using rule 1 (expression -> NUMBER .)
    RPAREN          reduce using rule 1 (expression -> NUMBER .)


state 3

    (2) expression -> LPAREN . expression RPAREN
    (1) expression -> . NUMBER
    (2) expression -> . LPAREN expression RPAREN
    (3) expression -> . expression PLUS expression
    (4) expression -> . expression MINUS expression
    (5) expression -> . expression DIVIDE expression
    (6) expression -> . expression MULTIPLY expression
    (7) expression -> . expression POWER expression
    (8) expression -> . SQUAREROOT LPAREN expression RPAREN
    (9) expression -> . SINE LPAREN expression RPAREN
    (10) expression -> . COSINE LPAREN expression RPAREN
    (11) expression -> . TANGENT LPAREN expression RPAREN
    (12) expression -> . PI
    (13) expression -> . PRINT LPAREN expression RPAREN
    (14) expression -> . STRING
    (15) expression -> . PRINT LPAREN STRING RPAREN

    NUMBER          shift and go to state 2
    LPAREN          shift and go to state 3
    SQUAREROOT      shift and go to state 4
    SINE            shift and go to state 5
    COSINE          shift and go to state 6
    TANGENT         shift and go to state 7
    PI              shift and go to state 8
    PRINT           shift and go to state 9
    STRING          shift and go to state 10

    expression                     shift and go to state 16

state 4

    (8) expression -> SQUAREROOT . LPAREN expression RPAREN

    LPAREN          shift and go to state 17


state 5

    (9) expression -> SINE . LPAREN expression RPAREN

    LPAREN          shift and go to state 18


state 6

    (10) expression -> COSINE . LPAREN expression RPAREN

    LPAREN          shift and go to state 19


state 7

    (11) expression -> TANGENT . LPAREN expression RPAREN

    LPAREN          shift and go to state 20


state 8

    (12) expression -> PI .

    PLUS            reduce using rule 12 (expression -> PI .)
    MINUS           reduce using rule 12 (expression -> PI .)
    DIVIDE          reduce using rule 12 (expression -> PI .)
    MULTIPLY        reduce using rule 12 (expression -> PI .)
    POWER           reduce using rule 12 (expression -> PI .)
    $end            reduce using rule 12 (expression -> PI .)
    RPAREN          reduce using rule 12 (expression -> PI .)


state 9

    (13) expression -> PRINT . LPAREN expression RPAREN
    (15) expression -> PRINT . LPAREN STRING RPAREN

    LPAREN          shift and go to state 21


state 10

    (14) expression -> STRING .

    PLUS            reduce using rule 14 (expression -> STRING .)
    MINUS           reduce using rule 14 (expression -> STRING .)
    DIVIDE          reduce using rule 14 (expression -> STRING .)
    MULTIPLY        reduce using rule 14 (expression -> STRING .)
    POWER           reduce using rule 14 (expression -> STRING .)
    $end            reduce using rule 14 (expression -> STRING .)
    RPAREN          reduce using rule 14 (expression -> STRING .)


state 11

    (3) expression -> expression PLUS . expression
    (1) expression -> . NUMBER
    (2) expression -> . LPAREN expression RPAREN
    (3) expression -> . expression PLUS expression
    (4) expression -> . expression MINUS expression
    (5) expression -> . expression DIVIDE expression
    (6) expression -> . expression MULTIPLY expression
    (7) expression -> . expression POWER expression
    (8) expression -> . SQUAREROOT LPAREN expression RPAREN
    (9) expression -> . SINE LPAREN expression RPAREN
    (10) expression -> . COSINE LPAREN expression RPAREN
    (11) expression -> . TANGENT LPAREN expression RPAREN
    (12) expression -> . PI
    (13) expression -> . PRINT LPAREN expression RPAREN
    (14) expression -> . STRING
    (15) expression -> . PRINT LPAREN STRING RPAREN

    NUMBER          shift and go to state 2
    LPAREN          shift and go to state 3
    SQUAREROOT      shift and go to state 4
    SINE            shift and go to state 5
    COSINE          shift and go to state 6
    TANGENT         shift and go to state 7
    PI              shift and go to state 8
    PRINT           shift and go to state 9
    STRING          shift and go to state 10

    expression                     shift and go to state 22

state 12

    (4) expression -> expression MINUS . expression
    (1) expression -> . NUMBER
    (2) expression -> . LPAREN expression RPAREN
    (3) expression -> . expression PLUS expression
    (4) expression -> . expression MINUS expression
    (5) expression -> . expression DIVIDE expression
    (6) expression -> . expression MULTIPLY expression
    (7) expression -> . expression POWER expression
    (8) expression -> . SQUAREROOT LPAREN expression RPAREN
    (9) expression -> . SINE LPAREN expression RPAREN
    (10) expression -> . COSINE LPAREN expression RPAREN
    (11) expression -> . TANGENT LPAREN expression RPAREN
    (12) expression -> . PI
    (13) expression -> . PRINT LPAREN expression RPAREN
    (14) expression -> . STRING
    (15) expression -> . PRINT LPAREN STRING RPAREN

    NUMBER          shift and go to state 2
    LPAREN          shift and go to state 3
    SQUAREROOT      shift and go to state 4
    SINE            shift and go to state 5
    COSINE          shift and go to state 6
    TANGENT         shift and go to state 7
    PI              shift and go to state 8
    PRINT           shift and go to state 9
    STRING          shift and go to state 10

    expression                     shift and go to state 23

state 13

    (5) expression -> expression DIVIDE . expression
    (1) expression -> . NUMBER
    (2) expression -> . LPAREN expression RPAREN
    (3) expression -> . expression PLUS expression
    (4) expression -> . expression MINUS expression
    (5) expression -> . expression DIVIDE expression
    (6) expression -> . expression MULTIPLY expression
    (7) expression -> . expression POWER expression
    (8) expression -> . SQUAREROOT LPAREN expression RPAREN
    (9) expression -> . SINE LPAREN expression RPAREN
    (10) expression -> . COSINE LPAREN expression RPAREN
    (11) expression -> . TANGENT LPAREN expression RPAREN
    (12) expression -> . PI
    (13) expression -> . PRINT LPAREN expression RPAREN
    (14) expression -> . STRING
    (15) expression -> . PRINT LPAREN STRING RPAREN

    NUMBER          shift and go to state 2
    LPAREN          shift and go to state 3
    SQUAREROOT      shift and go to state 4
    SINE            shift and go to state 5
    COSINE          shift and go to state 6
    TANGENT         shift and go to state 7
    PI              shift and go to state 8
    PRINT           shift and go to state 9
    STRING          shift and go to state 10

    expression                     shift and go to state 24

state 14

    (6) expression -> expression MULTIPLY . expression
    (1) expression -> . NUMBER
    (2) expression -> . LPAREN expression RPAREN
    (3) expression -> . expression PLUS expression
    (4) expression -> . expression MINUS expression
    (5) expression -> . expression DIVIDE expression
    (6) expression -> . expression MULTIPLY expression
    (7) expression -> . expression POWER expression
    (8) expression -> . SQUAREROOT LPAREN expression RPAREN
    (9) expression -> . SINE LPAREN expression RPAREN
    (10) expression -> . COSINE LPAREN expression RPAREN
    (11) expression -> . TANGENT LPAREN expression RPAREN
    (12) expression -> . PI
    (13) expression -> . PRINT LPAREN expression RPAREN
    (14) expression -> . STRING
    (15) expression -> . PRINT LPAREN STRING RPAREN

    NUMBER          shift and go to state 2
    LPAREN          shift and go to state 3
    SQUAREROOT      shift and go to state 4
    SINE            shift and go to state 5
    COSINE          shift and go to state 6
    TANGENT         shift and go to state 7
    PI              shift and go to state 8
    PRINT           shift and go to state 9
    STRING          shift and go to state 10

    expression                     shift and go to state 25

state 15

    (7) expression -> expression POWER . expression
    (1) expression -> . NUMBER
    (2) expression -> . LPAREN expression RPAREN
    (3) expression -> . expression PLUS expression
    (4) expression -> . expression MINUS expression
    (5) expression -> . expression DIVIDE expression
    (6) expression -> . expression MULTIPLY expression
    (7) expression -> . expression POWER expression
    (8) expression -> . SQUAREROOT LPAREN expression RPAREN
    (9) expression -> . SINE LPAREN expression RPAREN
    (10) expression -> . COSINE LPAREN expression RPAREN
    (11) expression -> . TANGENT LPAREN expression RPAREN
    (12) expression -> . PI
    (13) expression -> . PRINT LPAREN expression RPAREN
    (14) expression -> . STRING
    (15) expression -> . PRINT LPAREN STRING RPAREN

    NUMBER          shift and go to state 2
    LPAREN          shift and go to state 3
    SQUAREROOT      shift and go to state 4
    SINE            shift and go to state 5
    COSINE          shift and go to state 6
    TANGENT         shift and go to state 7
    PI              shift and go to state 8
    PRINT           shift and go to state 9
    STRING          shift and go to state 10

    expression                     shift and go to state 26

state 16

    (2) expression -> LPAREN expression . RPAREN
    (3) expression -> expression . PLUS expression
    (4) expression -> expression . MINUS expression
    (5) expression -> expression . DIVIDE expression
    (6) expression -> expression . MULTIPLY expression
    (7) expression -> expression . POWER expression

    RPAREN          shift and go to state 27
    PLUS            shift and go to state 11
    MINUS           shift and go to state 12
    DIVIDE          shift and go to state 13
    MULTIPLY        shift and go to state 14
    POWER           shift and go to state 15


state 17

    (8) expression -> SQUAREROOT LPAREN . expression RPAREN
    (1) expression -> . NUMBER
    (2) expression -> . LPAREN expression RPAREN
    (3) expression -> . expression PLUS expression
    (4) expression -> . expression MINUS expression
    (5) expression -> . expression DIVIDE expression
    (6) expression -> . expression MULTIPLY expression
    (7) expression -> . expression POWER expression
    (8) expression -> . SQUAREROOT LPAREN expression RPAREN
    (9) expression -> . SINE LPAREN expression RPAREN
    (10) expression -> . COSINE LPAREN expression RPAREN
    (11) expression -> . TANGENT LPAREN expression RPAREN
    (12) expression -> . PI
    (13) expression -> . PRINT LPAREN expression RPAREN
    (14) expression -> . STRING
    (15) expression -> . PRINT LPAREN STRING RPAREN

    NUMBER          shift and go to state 2
    LPAREN          shift and go to state 3
    SQUAREROOT      shift and go to state 4
    SINE            shift and go to state 5
    COSINE          shift and go to state 6
    TANGENT         shift and go to state 7
    PI              shift and go to state 8
    PRINT           shift and go to state 9
    STRING          shift and go to state 10

    expression                     shift and go to state 28

state 18

    (9) expression -> SINE LPAREN . expression RPAREN
    (1) expression -> . NUMBER
    (2) expression -> . LPAREN expression RPAREN
    (3) expression -> . expression PLUS expression
    (4) expression -> . expression MINUS expression
    (5) expression -> . expression DIVIDE expression
    (6) expression -> . expression MULTIPLY expression
    (7) expression -> . expression POWER expression
    (8) expression -> . SQUAREROOT LPAREN expression RPAREN
    (9) expression -> . SINE LPAREN expression RPAREN
    (10) expression -> . COSINE LPAREN expression RPAREN
    (11) expression -> . TANGENT LPAREN expression RPAREN
    (12) expression -> . PI
    (13) expression -> . PRINT LPAREN expression RPAREN
    (14) expression -> . STRING
    (15) expression -> . PRINT LPAREN STRING RPAREN

    NUMBER          shift and go to state 2
    LPAREN          shift and go to state 3
    SQUAREROOT      shift and go to state 4
    SINE            shift and go to state 5
    COSINE          shift and go to state 6
    TANGENT         shift and go to state 7
    PI              shift and go to state 8
    PRINT           shift and go to state 9
    STRING          shift and go to state 10

    expression                     shift and go to state 29

state 19

    (10) expression -> COSINE LPAREN . expression RPAREN
    (1) expression -> . NUMBER
    (2) expression -> . LPAREN expression RPAREN
    (3) expression -> . expression PLUS expression
    (4) expression -> . expression MINUS expression
    (5) expression -> . expression DIVIDE expression
    (6) expression -> . expression MULTIPLY expression
    (7) expression -> . expression POWER expression
    (8) expression -> . SQUAREROOT LPAREN expression RPAREN
    (9) expression -> . SINE LPAREN expression RPAREN
    (10) expression -> . COSINE LPAREN expression RPAREN
    (11) expression -> . TANGENT LPAREN expression RPAREN
    (12) expression -> . PI
    (13) expression -> . PRINT LPAREN expression RPAREN
    (14) expression -> . STRING
    (15) expression -> . PRINT LPAREN STRING RPAREN

    NUMBER          shift and go to state 2
    LPAREN          shift and go to state 3
    SQUAREROOT      shift and go to state 4
    SINE            shift and go to state 5
    COSINE          shift and go to state 6
    TANGENT         shift and go to state 7
    PI              shift and go to state 8
    PRINT           shift and go to state 9
    STRING          shift and go to state 10

    expression                     shift and go to state 30

state 20

    (11) expression -> TANGENT LPAREN . expression RPAREN
    (1) expression -> . NUMBER
    (2) expression -> . LPAREN expression RPAREN
    (3) expression -> . expression PLUS expression
    (4) expression -> . expression MINUS expression
    (5) expression -> . expression DIVIDE expression
    (6) expression -> . expression MULTIPLY expression
    (7) expression -> . expression POWER expression
    (8) expression -> . SQUAREROOT LPAREN expression RPAREN
    (9) expression -> . SINE LPAREN expression RPAREN
    (10) expression -> . COSINE LPAREN expression RPAREN
    (11) expression -> . TANGENT LPAREN expression RPAREN
    (12) expression -> . PI
    (13) expression -> . PRINT LPAREN expression RPAREN
    (14) expression -> . STRING
    (15) expression -> . PRINT LPAREN STRING RPAREN

    NUMBER          shift and go to state 2
    LPAREN          shift and go to state 3
    SQUAREROOT      shift and go to state 4
    SINE            shift and go to state 5
    COSINE          shift and go to state 6
    TANGENT         shift and go to state 7
    PI              shift and go to state 8
    PRINT           shift and go to state 9
    STRING          shift and go to state 10

    expression                     shift and go to state 31

state 21

    (13) expression -> PRINT LPAREN . expression RPAREN
    (15) expression -> PRINT LPAREN . STRING RPAREN
    (1) expression -> . NUMBER
    (2) expression -> . LPAREN expression RPAREN
    (3) expression -> . expression PLUS expression
    (4) expression -> . expression MINUS expression
    (5) expression -> . expression DIVIDE expression
    (6) expression -> . expression MULTIPLY expression
    (7) expression -> . expression POWER expression
    (8) expression -> . SQUAREROOT LPAREN expression RPAREN
    (9) expression -> . SINE LPAREN expression RPAREN
    (10) expression -> . COSINE LPAREN expression RPAREN
    (11) expression -> . TANGENT LPAREN expression RPAREN
    (12) expression -> . PI
    (13) expression -> . PRINT LPAREN expression RPAREN
    (14) expression -> . STRING
    (15) expression -> . PRINT LPAREN STRING RPAREN

    STRING          shift and go to state 33
    NUMBER          shift and go to state 2
    LPAREN          shift and go to state 3
    SQUAREROOT      shift and go to state 4
    SINE            shift and go to state 5
    COSINE          shift and go to state 6
    TANGENT         shift and go to state 7
    PI              shift and go to state 8
    PRINT           shift and go to state 9

    expression                     shift and go to state 32

state 22

    (3) expression -> expression PLUS expression .
    (3) expression -> expression . PLUS expression
    (4) expression -> expression . MINUS expression
    (5) expression -> expression . DIVIDE expression
    (6) expression -> expression . MULTIPLY expression
    (7) expression -> expression . POWER expression

  ! shift/reduce conflict for PLUS resolved as shift
  ! shift/reduce conflict for MINUS resolved as shift
  ! shift/reduce conflict for DIVIDE resolved as shift
  ! shift/reduce conflict for MULTIPLY resolved as shift
  ! shift/reduce conflict for POWER resolved as shift
    $end            reduce using rule 3 (expression -> expression PLUS expression .)
    RPAREN          reduce using rule 3 (expression -> expression PLUS expression .)
    PLUS            shift and go to state 11
    MINUS           shift and go to state 12
    DIVIDE          shift and go to state 13
    MULTIPLY        shift and go to state 14
    POWER           shift and go to state 15

  ! PLUS            [ reduce using rule 3 (expression -> expression PLUS expression .) ]
  ! MINUS           [ reduce using rule 3 (expression -> expression PLUS expression .) ]
  ! DIVIDE          [ reduce using rule 3 (expression -> expression PLUS expression .) ]
  ! MULTIPLY        [ reduce using rule 3 (expression -> expression PLUS expression .) ]
  ! POWER           [ reduce using rule 3 (expression -> expression PLUS expression .) ]


state 23

    (4) expression -> expression MINUS expression .
    (3) expression -> expression . PLUS expression
    (4) expression -> expression . MINUS expression
    (5) expression -> expression . DIVIDE expression
    (6) expression -> expression . MULTIPLY expression
    (7) expression -> expression . POWER expression

  ! shift/reduce conflict for PLUS resolved as shift
  ! shift/reduce conflict for MINUS resolved as shift
  ! shift/reduce conflict for DIVIDE resolved as shift
  ! shift/reduce conflict for MULTIPLY resolved as shift
  ! shift/reduce conflict for POWER resolved as shift
    $end            reduce using rule 4 (expression -> expression MINUS expression .)
    RPAREN          reduce using rule 4 (expression -> expression MINUS expression .)
    PLUS            shift and go to state 11
    MINUS           shift and go to state 12
    DIVIDE          shift and go to state 13
    MULTIPLY        shift and go to state 14
    POWER           shift and go to state 15

  ! PLUS            [ reduce using rule 4 (expression -> expression MINUS expression .) ]
  ! MINUS           [ reduce using rule 4 (expression -> expression MINUS expression .) ]
  ! DIVIDE          [ reduce using rule 4 (expression -> expression MINUS expression .) ]
  ! MULTIPLY        [ reduce using rule 4 (expression -> expression MINUS expression .) ]
  ! POWER           [ reduce using rule 4 (expression -> expression MINUS expression .) ]


state 24

    (5) expression -> expression DIVIDE expression .
    (3) expression -> expression . PLUS expression
    (4) expression -> expression . MINUS expression
    (5) expression -> expression . DIVIDE expression
    (6) expression -> expression . MULTIPLY expression
    (7) expression -> expression . POWER expression

  ! shift/reduce conflict for PLUS resolved as shift
  ! shift/reduce conflict for MINUS resolved as shift
  ! shift/reduce conflict for DIVIDE resolved as shift
  ! shift/reduce conflict for MULTIPLY resolved as shift
  ! shift/reduce conflict for POWER resolved as shift
    $end            reduce using rule 5 (expression -> expression DIVIDE expression .)
    RPAREN          reduce using rule 5 (expression -> expression DIVIDE expression .)
    PLUS            shift and go to state 11
    MINUS           shift and go to state 12
    DIVIDE          shift and go to state 13
    MULTIPLY        shift and go to state 14
    POWER           shift and go to state 15

  ! PLUS            [ reduce using rule 5 (expression -> expression DIVIDE expression .) ]
  ! MINUS           [ reduce using rule 5 (expression -> expression DIVIDE expression .) ]
  ! DIVIDE          [ reduce using rule 5 (expression -> expression DIVIDE expression .) ]
  ! MULTIPLY        [ reduce using rule 5 (expression -> expression DIVIDE expression .) ]
  ! POWER           [ reduce using rule 5 (expression -> expression DIVIDE expression .) ]


state 25

    (6) expression -> expression MULTIPLY expression .
    (3) expression -> expression . PLUS expression
    (4) expression -> expression . MINUS expression
    (5) expression -> expression . DIVIDE expression
    (6) expression -> expression . MULTIPLY expression
    (7) expression -> expression . POWER expression

  ! shift/reduce conflict for PLUS resolved as shift
  ! shift/reduce conflict for MINUS resolved as shift
  ! shift/reduce conflict for DIVIDE resolved as shift
  ! shift/reduce conflict for MULTIPLY resolved as shift
  ! shift/reduce conflict for POWER resolved as shift
    $end            reduce using rule 6 (expression -> expression MULTIPLY expression .)
    RPAREN          reduce using rule 6 (expression -> expression MULTIPLY expression .)
    PLUS            shift and go to state 11
    MINUS           shift and go to state 12
    DIVIDE          shift and go to state 13
    MULTIPLY        shift and go to state 14
    POWER           shift and go to state 15

  ! PLUS            [ reduce using rule 6 (expression -> expression MULTIPLY expression .) ]
  ! MINUS           [ reduce using rule 6 (expression -> expression MULTIPLY expression .) ]
  ! DIVIDE          [ reduce using rule 6 (expression -> expression MULTIPLY expression .) ]
  ! MULTIPLY        [ reduce using rule 6 (expression -> expression MULTIPLY expression .) ]
  ! POWER           [ reduce using rule 6 (expression -> expression MULTIPLY expression .) ]


state 26

    (7) expression -> expression POWER expression .
    (3) expression -> expression . PLUS expression
    (4) expression -> expression . MINUS expression
    (5) expression -> expression . DIVIDE expression
    (6) expression -> expression . MULTIPLY expression
    (7) expression -> expression . POWER expression

  ! shift/reduce conflict for PLUS resolved as shift
  ! shift/reduce conflict for MINUS resolved as shift
  ! shift/reduce conflict for DIVIDE resolved as shift
  ! shift/reduce conflict for MULTIPLY resolved as shift
  ! shift/reduce conflict for POWER resolved as shift
    $end            reduce using rule 7 (expression -> expression POWER expression .)
    RPAREN          reduce using rule 7 (expression -> expression POWER expression .)
    PLUS            shift and go to state 11
    MINUS           shift and go to state 12
    DIVIDE          shift and go to state 13
    MULTIPLY        shift and go to state 14
    POWER           shift and go to state 15

  ! PLUS            [ reduce using rule 7 (expression -> expression POWER expression .) ]
  ! MINUS           [ reduce using rule 7 (expression -> expression POWER expression .) ]
  ! DIVIDE          [ reduce using rule 7 (expression -> expression POWER expression .) ]
  ! MULTIPLY        [ reduce using rule 7 (expression -> expression POWER expression .) ]
  ! POWER           [ reduce using rule 7 (expression -> expression POWER expression .) ]


state 27

    (2) expression -> LPAREN expression RPAREN .

    PLUS            reduce using rule 2 (expression -> LPAREN expression RPAREN .)
    MINUS           reduce using rule 2 (expression -> LPAREN expression RPAREN .)
    DIVIDE          reduce using rule 2 (expression -> LPAREN expression RPAREN .)
    MULTIPLY        reduce using rule 2 (expression -> LPAREN expression RPAREN .)
    POWER           reduce using rule 2 (expression -> LPAREN expression RPAREN .)
    $end            reduce using rule 2 (expression -> LPAREN expression RPAREN .)
    RPAREN          reduce using rule 2 (expression -> LPAREN expression RPAREN .)


state 28

    (8) expression -> SQUAREROOT LPAREN expression . RPAREN
    (3) expression -> expression . PLUS expression
    (4) expression -> expression . MINUS expression
    (5) expression -> expression . DIVIDE expression
    (6) expression -> expression . MULTIPLY expression
    (7) expression -> expression . POWER expression

    RPAREN          shift and go to state 34
    PLUS            shift and go to state 11
    MINUS           shift and go to state 12
    DIVIDE          shift and go to state 13
    MULTIPLY        shift and go to state 14
    POWER           shift and go to state 15


state 29

    (9) expression -> SINE LPAREN expression . RPAREN
    (3) expression -> expression . PLUS expression
    (4) expression -> expression . MINUS expression
    (5) expression -> expression . DIVIDE expression
    (6) expression -> expression . MULTIPLY expression
    (7) expression -> expression . POWER expression

    RPAREN          shift and go to state 35
    PLUS            shift and go to state 11
    MINUS           shift and go to state 12
    DIVIDE          shift and go to state 13
    MULTIPLY        shift and go to state 14
    POWER           shift and go to state 15


state 30

    (10) expression -> COSINE LPAREN expression . RPAREN
    (3) expression -> expression . PLUS expression
    (4) expression -> expression . MINUS expression
    (5) expression -> expression . DIVIDE expression
    (6) expression -> expression . MULTIPLY expression
    (7) expression -> expression . POWER expression

    RPAREN          shift and go to state 36
    PLUS            shift and go to state 11
    MINUS           shift and go to state 12
    DIVIDE          shift and go to state 13
    MULTIPLY        shift and go to state 14
    POWER           shift and go to state 15


state 31

    (11) expression -> TANGENT LPAREN expression . RPAREN
    (3) expression -> expression . PLUS expression
    (4) expression -> expression . MINUS expression
    (5) expression -> expression . DIVIDE expression
    (6) expression -> expression . MULTIPLY expression
    (7) expression -> expression . POWER expression

    RPAREN          shift and go to state 37
    PLUS            shift and go to state 11
    MINUS           shift and go to state 12
    DIVIDE          shift and go to state 13
    MULTIPLY        shift and go to state 14
    POWER           shift and go to state 15


state 32

    (13) expression -> PRINT LPAREN expression . RPAREN
    (3) expression -> expression . PLUS expression
    (4) expression -> expression . MINUS expression
    (5) expression -> expression . DIVIDE expression
    (6) expression -> expression . MULTIPLY expression
    (7) expression -> expression . POWER expression

    RPAREN          shift and go to state 38
    PLUS            shift and go to state 11
    MINUS           shift and go to state 12
    DIVIDE          shift and go to state 13
    MULTIPLY        shift and go to state 14
    POWER           shift and go to state 15


state 33

    (15) expression -> PRINT LPAREN STRING . RPAREN
    (14) expression -> STRING .

  ! shift/reduce conflict for RPAREN resolved as shift
    RPAREN          shift and go to state 39
    PLUS            reduce using rule 14 (expression -> STRING .)
    MINUS           reduce using rule 14 (expression -> STRING .)
    DIVIDE          reduce using rule 14 (expression -> STRING .)
    MULTIPLY        reduce using rule 14 (expression -> STRING .)
    POWER           reduce using rule 14 (expression -> STRING .)

  ! RPAREN          [ reduce using rule 14 (expression -> STRING .) ]


state 34

    (8) expression -> SQUAREROOT LPAREN expression RPAREN .

    PLUS            reduce using rule 8 (expression -> SQUAREROOT LPAREN expression RPAREN .)
    MINUS           reduce using rule 8 (expression -> SQUAREROOT LPAREN expression RPAREN .)
    DIVIDE          reduce using rule 8 (expression -> SQUAREROOT LPAREN expression RPAREN .)
    MULTIPLY        reduce using rule 8 (expression -> SQUAREROOT LPAREN expression RPAREN .)
    POWER           reduce using rule 8 (expression -> SQUAREROOT LPAREN expression RPAREN .)
    $end            reduce using rule 8 (expression -> SQUAREROOT LPAREN expression RPAREN .)
    RPAREN          reduce using rule 8 (expression -> SQUAREROOT LPAREN expression RPAREN .)


state 35

    (9) expression -> SINE LPAREN expression RPAREN .

    PLUS            reduce using rule 9 (expression -> SINE LPAREN expression RPAREN .)
    MINUS           reduce using rule 9 (expression -> SINE LPAREN expression RPAREN .)
    DIVIDE          reduce using rule 9 (expression -> SINE LPAREN expression RPAREN .)
    MULTIPLY        reduce using rule 9 (expression -> SINE LPAREN expression RPAREN .)
    POWER           reduce using rule 9 (expression -> SINE LPAREN expression RPAREN .)
    $end            reduce using rule 9 (expression -> SINE LPAREN expression RPAREN .)
    RPAREN          reduce using rule 9 (expression -> SINE LPAREN expression RPAREN .)


state 36

    (10) expression -> COSINE LPAREN expression RPAREN .

    PLUS            reduce using rule 10 (expression -> COSINE LPAREN expression RPAREN .)
    MINUS           reduce using rule 10 (expression -> COSINE LPAREN expression RPAREN .)
    DIVIDE          reduce using rule 10 (expression -> COSINE LPAREN expression RPAREN .)
    MULTIPLY        reduce using rule 10 (expression -> COSINE LPAREN expression RPAREN .)
    POWER           reduce using rule 10 (expression -> COSINE LPAREN expression RPAREN .)
    $end            reduce using rule 10 (expression -> COSINE LPAREN expression RPAREN .)
    RPAREN          reduce using rule 10 (expression -> COSINE LPAREN expression RPAREN .)


state 37

    (11) expression -> TANGENT LPAREN expression RPAREN .

    PLUS            reduce using rule 11 (expression -> TANGENT LPAREN expression RPAREN .)
    MINUS           reduce using rule 11 (expression -> TANGENT LPAREN expression RPAREN .)
    DIVIDE          reduce using rule 11 (expression -> TANGENT LPAREN expression RPAREN .)
    MULTIPLY        reduce using rule 11 (expression -> TANGENT LPAREN expression RPAREN .)
    POWER           reduce using rule 11 (expression -> TANGENT LPAREN expression RPAREN .)
    $end            reduce using rule 11 (expression -> TANGENT LPAREN expression RPAREN .)
    RPAREN          reduce using rule 11 (expression -> TANGENT LPAREN expression RPAREN .)


state 38

    (13) expression -> PRINT LPAREN expression RPAREN .

    PLUS            reduce using rule 13 (expression -> PRINT LPAREN expression RPAREN .)
    MINUS           reduce using rule 13 (expression -> PRINT LPAREN expression RPAREN .)
    DIVIDE          reduce using rule 13 (expression -> PRINT LPAREN expression RPAREN .)
    MULTIPLY        reduce using rule 13 (expression -> PRINT LPAREN expression RPAREN .)
    POWER           reduce using rule 13 (expression -> PRINT LPAREN expression RPAREN .)
    $end            reduce using rule 13 (expression -> PRINT LPAREN expression RPAREN .)
    RPAREN          reduce using rule 13 (expression -> PRINT LPAREN expression RPAREN .)


state 39

    (15) expression -> PRINT LPAREN STRING RPAREN .

    PLUS            reduce using rule 15 (expression -> PRINT LPAREN STRING RPAREN .)
    MINUS           reduce using rule 15 (expression -> PRINT LPAREN STRING RPAREN .)
    DIVIDE          reduce using rule 15 (expression -> PRINT LPAREN STRING RPAREN .)
    MULTIPLY        reduce using rule 15 (expression -> PRINT LPAREN STRING RPAREN .)
    POWER           reduce using rule 15 (expression -> PRINT LPAREN STRING RPAREN .)
    $end            reduce using rule 15 (expression -> PRINT LPAREN STRING RPAREN .)
    RPAREN          reduce using rule 15 (expression -> PRINT LPAREN STRING RPAREN .)

WARNING: 
WARNING: Conflicts:
WARNING: 
WARNING: shift/reduce conflict for PLUS in state 22 resolved as shift
WARNING: shift/reduce conflict for MINUS in state 22 resolved as shift
WARNING: shift/reduce conflict for DIVIDE in state 22 resolved as shift
WARNING: shift/reduce conflict for MULTIPLY in state 22 resolved as shift
WARNING: shift/reduce conflict for POWER in state 22 resolved as shift
WARNING: shift/reduce conflict for PLUS in state 23 resolved as shift
WARNING: shift/reduce conflict for MINUS in state 23 resolved as shift
WARNING: shift/reduce conflict for DIVIDE in state 23 resolved as shift
WARNING: shift/reduce conflict for MULTIPLY in state 23 resolved as shift
WARNING: shift/reduce conflict for POWER in state 23 resolved as shift
WARNING: shift/reduce conflict for PLUS in state 24 resolved as shift
WARNING: shift/reduce conflict for MINUS in state 24 resolved as shift
WARNING: shift/reduce conflict for DIVIDE in state 24 resolved as shift
WARNING: shift/reduce conflict for MULTIPLY in state 24 resolved as shift
WARNING: shift/reduce conflict for POWER in state 24 resolved as shift
WARNING: shift/reduce conflict for PLUS in state 25 resolved as shift
WARNING: shift/reduce conflict for MINUS in state 25 resolved as shift
WARNING: shift/reduce conflict for DIVIDE in state 25 resolved as shift
WARNING: shift/reduce conflict for MULTIPLY in state 25 resolved as shift
WARNING: shift/reduce conflict for POWER in state 25 resolved as shift
WARNING: shift/reduce conflict for PLUS in state 26 resolved as shift
WARNING: shift/reduce conflict for MINUS in state 26 resolved as shift
WARNING: shift/reduce conflict for DIVIDE in state 26 resolved as shift
WARNING: shift/reduce conflict for MULTIPLY in state 26 resolved as shift
WARNING: shift/reduce conflict for POWER in state 26 resolved as shift
WARNING: shift/reduce conflict for RPAREN in state 33 resolved as shift
